ok - fm-brief.sh: bash -n succeeds
/private/var/folders/x0/m_0bk2pj1lg8bvp8ft5kzhcw0000gn/T/fm-brief.mbJ14Y/heredoc-in-substitution.sh:2
ok - fm-brief.sh: no heredoc is nested inside a command substitution (Bash 3.2 parse-safe)
ok - fm-brief.sh: --help renders the complete header
ok - fm-brief.sh: no-mistakes/direct-PR/local-only briefs generate cleanly
ok - fm-brief.sh: ship --mode is required and closed-set validated
ok - fm-brief.sh: the dispatched base ref is named in the brief and in every mode's definition of done
ok - fm-brief.sh: --base is required for ship and scout, validated, and refused on a charter
ok - fm-brief.sh: the explicit ship mode wins over the registered posture
ok - fm-brief.sh: --yolo and scout/secondmate --mode are refused, never silently dropped
ok - fm-brief.sh: faster paths use configured authority without stacked review
ok - fm-brief.sh: no-mistakes DOD keeps its apostrophe prose and bans --yes outright
ok - fm-brief.sh: ship project-memory wording carries the AGENTS.md authoring bar
ok - fm-brief.sh: --herdr-lab emits the complete hard safety contract
ok - fm-brief.sh: --herdr-lab uses its quoted Firstmate-owned helper path
ok - fm-brief.sh: ship and scout scaffolds make omitted Herdr intent fail-visible
ok - fm-brief.sh: the documented {TASK} and {FIRSTMATE_SPEC} fills cannot corrupt the Herdr safety gate
ok - fm-brief.sh: Herdr lab contract covers scouts and rejects secondmate misuse
ok - fm-brief.sh: --no-projects scaffolds a project-less charter and guards misuse
ok - fm-brief.sh: marked requests avoid generic acknowledgements and preserve material reporting
ok - fm-brief.sh: relative directory inputs ignore CDPATH, render stable absolute charter paths, or fail loudly
ok - fm-brief.sh: custom pause verb renders in every scaffold
ok - fm-brief.sh: investigation and visual-review completions load the shared decision policy
ok - fm-brief: scout and secondmate code paths still scaffold well-formed briefs
ok - fm-brief: definition of done tells a tag base from a branch base against origin
ok - fm-brief: a base-kind lookup that never answers is bounded and falls back to unconfirmed
